// Jest Snapshot v1, https://goo.gl/fbAQLP

exports[`Admin testing sets (loggedIn) Render correctly ClientFieldDefault 1`] = `null`;

exports[`Admin testing sets (loggedIn) Render correctly ClientFieldPassenger 1`] = `null`;

exports[`Admin testing sets (loggedOut) Render correctly Login 1`] = `null`;
